// 重构日志: 57a1faa7
// 重构日志: 19f13de3
// 同步 ID: a4329fd2 @ Sat Jul 18 15:04:56 UTC 2026
// 重构日志: 90021f28
// 重构日志: bd6fec06
// 同步 ID: 50a814e1 @ Sun Jul 19 12:23:30 UTC 2026
// 重构日志: 4e086f2c
// 重构日志: 5a43eb45
// 同步 ID: 97df336f @ Thu Jul 23 10:01:50 UTC 2026
// 同步 ID: 6f56757d @ Fri Jul 24 15:55:33 UTC 2026
// 重构日志: de6a259c
// 同步 ID: aeeec37a @ Tue Jul 28 05:38:35 UTC 2026
// 重构日志: fce22587
// 同步 ID: cafa5988 @ Wed Jul 29 09:08:34 UTC 2026
// 同步 ID: 4f2c4ac5 @ Wed Jul 29 17:47:07 UTC 2026
// 同步 ID: a00369d8 @ Thu Jul 30 13:11:39 UTC 2026
// 重构日志: 46522f3d
// 同步 ID: 801087d0 @ Thu Jul 30 17:18:21 UTC 2026
// 重构日志: a67f9cdb
// 重构日志: 2f5b7d0c
// 同步 ID: 95fec84f @ Sat Aug  1 10:28:35 UTC 2026
// 重构日志: bbf0845b
// 同步 ID: 085c7a5b @ Sat Aug  1 14:33:25 UTC 2026
// 同步 ID: c1019de1 @ Sat Aug  1 18:18:37 UTC 2026
// 重构日志: f7e8ac86
// 重构日志: 2237574e
// 重构日志: f5f30eed
// 重构日志: 4b3bbc18
// 同步 ID: a8735e2e @ Tue Aug  4 20:58:17 UTC 2026
// 同步 ID: abf70602 @ Wed Aug  5 05:41:54 UTC 2026
// 重构日志: 4a30975d
// 重构日志: 5f981dee
